[     187ms] [ERROR] Failed to load resource: the server responded with a status of 404 (Not Found) @ http://localhost:6006/favicon.ico:0
[     281ms] [INFO] %cDownload the React DevTools for a better development experience: https://react.dev/link/react-devtools font-weight:bold @ http://localhost:6006/node_modules/.cache/storybook/10.5.2/53a123b7648f8b7514df557458b4048d90766ba59560424c235c2901b484b74f/sb-vite/deps/client-sCPvVTni.js?v=4127a785:14335
[     535ms] [LOG] ✅ Tested Default story @ http://localhost:6006/src/components/composed/checkbox/stories/Checkbox.stories.tsx?t=1791472503058:43
[    1645ms] [INFO] %cDownload the React DevTools for a better development experience: https://react.dev/link/react-devtools font-weight:bold @ http://localhost:6006/node_modules/.cache/storybook/10.5.2/53a123b7648f8b7514df557458b4048d90766ba59560424c235c2901b484b74f/sb-vite/deps/client-sCPvVTni.js?v=4127a785:14335
[    1752ms] [LOG] ✅ Tested With Description story @ http://localhost:6006/src/components/composed/checkbox/stories/Checkbox.stories.tsx?t=1791472503058:43
[    3004ms] [INFO] %cDownload the React DevTools for a better development experience: https://react.dev/link/react-devtools font-weight:bold @ http://localhost:6006/node_modules/.cache/storybook/10.5.2/53a123b7648f8b7514df557458b4048d90766ba59560424c235c2901b484b74f/sb-vite/deps/client-sCPvVTni.js?v=4127a785:14335
[    3121ms] [LOG] ✅ Tested Disabled story @ http://localhost:6006/src/components/composed/checkbox/stories/Checkbox.stories.tsx?t=1791472503058:43
[    4371ms] [INFO] %cDownload the React DevTools for a better development experience: https://react.dev/link/react-devtools font-weight:bold @ http://localhost:6006/node_modules/.cache/storybook/10.5.2/53a123b7648f8b7514df557458b4048d90766ba59560424c235c2901b484b74f/sb-vite/deps/client-sCPvVTni.js?v=4127a785:14335
[    4539ms] [LOG] ✅ Tested Invalid story @ http://localhost:6006/src/components/composed/checkbox/stories/Checkbox.stories.tsx?t=1791472503058:43
[    5721ms] [INFO] %cDownload the React DevTools for a better development experience: https://react.dev/link/react-devtools font-weight:bold @ http://localhost:6006/node_modules/.cache/storybook/10.5.2/53a123b7648f8b7514df557458b4048d90766ba59560424c235c2901b484b74f/sb-vite/deps/client-sCPvVTni.js?v=4127a785:14335
[    5918ms] [LOG] ✅ Tested Default story @ http://localhost:6006/src/components/composed/checkboxField/stories/CheckboxField.stories.tsx?t=1791472503058:81
[    7083ms] [INFO] %cDownload the React DevTools for a better development experience: https://react.dev/link/react-devtools font-weight:bold @ http://localhost:6006/node_modules/.cache/storybook/10.5.2/53a123b7648f8b7514df557458b4048d90766ba59560424c235c2901b484b74f/sb-vite/deps/client-sCPvVTni.js?v=4127a785:14335
[    7191ms] [LOG] ✅ Tested With Description story @ http://localhost:6006/src/components/composed/checkboxField/stories/CheckboxField.stories.tsx?t=1791472503058:81
[    8506ms] [INFO] %cDownload the React DevTools for a better development experience: https://react.dev/link/react-devtools font-weight:bold @ http://localhost:6006/node_modules/.cache/storybook/10.5.2/53a123b7648f8b7514df557458b4048d90766ba59560424c235c2901b484b74f/sb-vite/deps/client-sCPvVTni.js?v=4127a785:14335
[    8615ms] [LOG] ✅ Tested Invalid story @ http://localhost:6006/src/components/composed/checkboxField/stories/CheckboxField.stories.tsx?t=1791472503058:81
[    9907ms] [INFO] %cDownload the React DevTools for a better development experience: https://react.dev/link/react-devtools font-weight:bold @ http://localhost:6006/node_modules/.cache/storybook/10.5.2/53a123b7648f8b7514df557458b4048d90766ba59560424c235c2901b484b74f/sb-vite/deps/client-sCPvVTni.js?v=4127a785:14335
[   10017ms] [LOG] ✅ Tested Disabled Field story @ http://localhost:6006/src/components/composed/checkboxField/stories/CheckboxField.stories.tsx?t=1791472503058:81
[   11299ms] [INFO] %cDownload the React DevTools for a better development experience: https://react.dev/link/react-devtools font-weight:bold @ http://localhost:6006/node_modules/.cache/storybook/10.5.2/53a123b7648f8b7514df557458b4048d90766ba59560424c235c2901b484b74f/sb-vite/deps/client-sCPvVTni.js?v=4127a785:14335
[   11320ms] [WARNING] Accessing the Story Store is deprecated and will be removed in 9.0 @ http://localhost:6006/node_modules/.cache/storybook/10.5.2/53a123b7648f8b7514df557458b4048d90766ba59560424c235c2901b484b74f/sb-vite/deps/storybook_internal_preview_runtime.js?v=4127a785:12648
[   11770ms] [ERROR] Accessing element.ref was removed in React 19. ref is now a regular prop. It will be removed from the JSX Element type in a future release. @ http://localhost:6006/node_modules/.cache/storybook/10.5.2/53a123b7648f8b7514df557458b4048d90766ba59560424c235c2901b484b74f/sb-vite/deps/react.js?v=4127a785:127
[   11770ms] [LOG] ✅ Tested Default story @ http://localhost:6006/src/components/composed/dialog/stories/Dialog.stories.tsx?t=1791472503058:109
[   12947ms] [INFO] %cDownload the React DevTools for a better development experience: https://react.dev/link/react-devtools font-weight:bold @ http://localhost:6006/node_modules/.cache/storybook/10.5.2/53a123b7648f8b7514df557458b4048d90766ba59560424c235c2901b484b74f/sb-vite/deps/client-sCPvVTni.js?v=4127a785:14335
[   12957ms] [WARNING] Accessing the Story Store is deprecated and will be removed in 9.0 @ http://localhost:6006/node_modules/.cache/storybook/10.5.2/53a123b7648f8b7514df557458b4048d90766ba59560424c235c2901b484b74f/sb-vite/deps/storybook_internal_preview_runtime.js?v=4127a785:12648
[   13173ms] [LOG] ✅ Tested Integrated Trigger story @ http://localhost:6006/src/components/composed/dialog/stories/Dialog.stories.tsx?t=1791472503058:109
[   14328ms] [INFO] %cDownload the React DevTools for a better development experience: https://react.dev/link/react-devtools font-weight:bold @ http://localhost:6006/node_modules/.cache/storybook/10.5.2/53a123b7648f8b7514df557458b4048d90766ba59560424c235c2901b484b74f/sb-vite/deps/client-sCPvVTni.js?v=4127a785:14335
[   14347ms] [LOG] secondary button clicked @ http://localhost:6006/src/components/composed/dialog/stories/Dialog.stories.tsx?t=1791472503058:312
[   14352ms] [WARNING] Accessing the Story Store is deprecated and will be removed in 9.0 @ http://localhost:6006/node_modules/.cache/storybook/10.5.2/53a123b7648f8b7514df557458b4048d90766ba59560424c235c2901b484b74f/sb-vite/deps/storybook_internal_preview_runtime.js?v=4127a785:12648
[   14494ms] [LOG] ✅ Tested Async Primary Submission story @ http://localhost:6006/src/components/composed/dialog/stories/Dialog.stories.tsx?t=1791472503058:109
[   15713ms] [INFO] %cDownload the React DevTools for a better development experience: https://react.dev/link/react-devtools font-weight:bold @ http://localhost:6006/node_modules/.cache/storybook/10.5.2/53a123b7648f8b7514df557458b4048d90766ba59560424c235c2901b484b74f/sb-vite/deps/client-sCPvVTni.js?v=4127a785:14335
[   15887ms] [LOG] ✅ Tested Header Action Trigger story @ http://localhost:6006/src/components/composed/dialog/stories/Dialog.stories.tsx?t=1791472503058:109
[   17090ms] [INFO] %cDownload the React DevTools for a better development experience: https://react.dev/link/react-devtools font-weight:bold @ http://localhost:6006/node_modules/.cache/storybook/10.5.2/53a123b7648f8b7514df557458b4048d90766ba59560424c235c2901b484b74f/sb-vite/deps/client-sCPvVTni.js?v=4127a785:14335
[   17201ms] [LOG] Close animation finished @ http://localhost:6006/src/components/composed/dialog/stories/Dialog.stories.tsx?t=1791472503058:588
[   17351ms] [LOG] Close animation finished @ http://localhost:6006/src/components/composed/dialog/stories/Dialog.stories.tsx?t=1791472503058:588
[   17456ms] [LOG] ✅ Tested Lifecycle Callback story @ http://localhost:6006/src/components/composed/dialog/stories/Dialog.stories.tsx?t=1791472503058:109
[   18516ms] [INFO] %cDownload the React DevTools for a better development experience: https://react.dev/link/react-devtools font-weight:bold @ http://localhost:6006/node_modules/.cache/storybook/10.5.2/53a123b7648f8b7514df557458b4048d90766ba59560424c235c2901b484b74f/sb-vite/deps/client-sCPvVTni.js?v=4127a785:14335
[   18539ms] [WARNING] Accessing the Story Store is deprecated and will be removed in 9.0 @ http://localhost:6006/node_modules/.cache/storybook/10.5.2/53a123b7648f8b7514df557458b4048d90766ba59560424c235c2901b484b74f/sb-vite/deps/storybook_internal_preview_runtime.js?v=4127a785:12648
[   18839ms] [LOG] ✅ Tested Default story @ http://localhost:6006/src/components/composed/dropdownMenu/stories/DropdownMenu.stories.tsx?t=1791472503058:87
[   19871ms] [INFO] %cDownload the React DevTools for a better development experience: https://react.dev/link/react-devtools font-weight:bold @ http://localhost:6006/node_modules/.cache/storybook/10.5.2/53a123b7648f8b7514df557458b4048d90766ba59560424c235c2901b484b74f/sb-vite/deps/client-sCPvVTni.js?v=4127a785:14335
[   19980ms] [LOG] ✅ Tested Disabled story @ http://localhost:6006/src/components/composed/dropdownMenu/stories/DropdownMenu.stories.tsx?t=1791472503058:87
[   21252ms] [INFO] %cDownload the React DevTools for a better development experience: https://react.dev/link/react-devtools font-weight:bold @ http://localhost:6006/node_modules/.cache/storybook/10.5.2/53a123b7648f8b7514df557458b4048d90766ba59560424c235c2901b484b74f/sb-vite/deps/client-sCPvVTni.js?v=4127a785:14335
[   21272ms] [WARNING] Accessing the Story Store is deprecated and will be removed in 9.0 @ http://localhost:6006/node_modules/.cache/storybook/10.5.2/53a123b7648f8b7514df557458b4048d90766ba59560424c235c2901b484b74f/sb-vite/deps/storybook_internal_preview_runtime.js?v=4127a785:12648
[   21444ms] [LOG] ✅ Tested Item States story @ http://localhost:6006/src/components/composed/dropdownMenu/stories/DropdownMenu.stories.tsx?t=1791472503058:87
[   22670ms] [INFO] %cDownload the React DevTools for a better development experience: https://react.dev/link/react-devtools font-weight:bold @ http://localhost:6006/node_modules/.cache/storybook/10.5.2/53a123b7648f8b7514df557458b4048d90766ba59560424c235c2901b484b74f/sb-vite/deps/client-sCPvVTni.js?v=4127a785:14335
[   22688ms] [WARNING] Accessing the Story Store is deprecated and will be removed in 9.0 @ http://localhost:6006/node_modules/.cache/storybook/10.5.2/53a123b7648f8b7514df557458b4048d90766ba59560424c235c2901b484b74f/sb-vite/deps/storybook_internal_preview_runtime.js?v=4127a785:12648
[   22822ms] [LOG] ✅ Tested Grouped story @ http://localhost:6006/src/components/composed/dropdownMenu/stories/DropdownMenu.stories.tsx?t=1791472503058:87
[   24041ms] [INFO] %cDownload the React DevTools for a better development experience: https://react.dev/link/react-devtools font-weight:bold @ http://localhost:6006/node_modules/.cache/storybook/10.5.2/53a123b7648f8b7514df557458b4048d90766ba59560424c235c2901b484b74f/sb-vite/deps/client-sCPvVTni.js?v=4127a785:14335
[   24054ms] [WARNING] Accessing the Story Store is deprecated and will be removed in 9.0 @ http://localhost:6006/node_modules/.cache/storybook/10.5.2/53a123b7648f8b7514df557458b4048d90766ba59560424c235c2901b484b74f/sb-vite/deps/storybook_internal_preview_runtime.js?v=4127a785:12648
[   24069ms] [ERROR] Base UI: A component is changing the uncontrolled value state of MenuRadioGroup to be controlled.
Elements should not switch from uncontrolled to controlled (or vice versa).
Decide between using a controlled or uncontrolled MenuRadioGroup element for the lifetime of the component.
The nature of the state is determined during the first render. It's considered controlled if the value is not `undefined`.
More info: https://fb.me/react-controlled-components @ http://localhost:6006/node_modules/.cache/storybook/10.5.2/53a123b7648f8b7514df557458b4048d90766ba59560424c235c2901b484b74f/sb-vite/deps/useIsoLayoutEffect-Bb8uOfXy.js?v=4127a785:169
[   24220ms] [LOG] ✅ Tested Radio Items story @ http://localhost:6006/src/components/composed/dropdownMenu/stories/DropdownMenu.stories.tsx?t=1791472503058:87
[   25404ms] [INFO] %cDownload the React DevTools for a better development experience: https://react.dev/link/react-devtools font-weight:bold @ http://localhost:6006/node_modules/.cache/storybook/10.5.2/53a123b7648f8b7514df557458b4048d90766ba59560424c235c2901b484b74f/sb-vite/deps/client-sCPvVTni.js?v=4127a785:14335
[   25422ms] [WARNING] Accessing the Story Store is deprecated and will be removed in 9.0 @ http://localhost:6006/node_modules/.cache/storybook/10.5.2/53a123b7648f8b7514df557458b4048d90766ba59560424c235c2901b484b74f/sb-vite/deps/storybook_internal_preview_runtime.js?v=4127a785:12648
[   25584ms] [LOG] ✅ Tested Checkbox Items story @ http://localhost:6006/src/components/composed/dropdownMenu/stories/DropdownMenu.stories.tsx?t=1791472503058:87
[   26807ms] [INFO] %cDownload the React DevTools for a better development experience: https://react.dev/link/react-devtools font-weight:bold @ http://localhost:6006/node_modules/.cache/storybook/10.5.2/53a123b7648f8b7514df557458b4048d90766ba59560424c235c2901b484b74f/sb-vite/deps/client-sCPvVTni.js?v=4127a785:14335
[   26918ms] [LOG] ✅ Tested Forwarded Ref story @ http://localhost:6006/src/components/composed/dropdownMenu/stories/DropdownMenu.stories.tsx?t=1791472503058:87
[   28182ms] [INFO] %cDownload the React DevTools for a better development experience: https://react.dev/link/react-devtools font-weight:bold @ http://localhost:6006/node_modules/.cache/storybook/10.5.2/53a123b7648f8b7514df557458b4048d90766ba59560424c235c2901b484b74f/sb-vite/deps/client-sCPvVTni.js?v=4127a785:14335
[   28192ms] [WARNING] Accessing the Story Store is deprecated and will be removed in 9.0 @ http://localhost:6006/node_modules/.cache/storybook/10.5.2/53a123b7648f8b7514df557458b4048d90766ba59560424c235c2901b484b74f/sb-vite/deps/storybook_internal_preview_runtime.js?v=4127a785:12648
[   28368ms] [LOG] ✅ Tested Default story @ http://localhost:6006/src/components/composed/input/stories/Input.stories.tsx?t=1791472503058:106
[   29558ms] [INFO] %cDownload the React DevTools for a better development experience: https://react.dev/link/react-devtools font-weight:bold @ http://localhost:6006/node_modules/.cache/storybook/10.5.2/53a123b7648f8b7514df557458b4048d90766ba59560424c235c2901b484b74f/sb-vite/deps/client-sCPvVTni.js?v=4127a785:14335
[   29664ms] [LOG] ✅ Tested Disabled story @ http://localhost:6006/src/components/composed/input/stories/Input.stories.tsx?t=1791472503058:106
[   30926ms] [INFO] %cDownload the React DevTools for a better development experience: https://react.dev/link/react-devtools font-weight:bold @ http://localhost:6006/node_modules/.cache/storybook/10.5.2/53a123b7648f8b7514df557458b4048d90766ba59560424c235c2901b484b74f/sb-vite/deps/client-sCPvVTni.js?v=4127a785:14335
[   31031ms] [LOG] ✅ Tested Invalid story @ http://localhost:6006/src/components/composed/input/stories/Input.stories.tsx?t=1791472503058:106
[   32274ms] [INFO] %cDownload the React DevTools for a better development experience: https://react.dev/link/react-devtools font-weight:bold @ http://localhost:6006/node_modules/.cache/storybook/10.5.2/53a123b7648f8b7514df557458b4048d90766ba59560424c235c2901b484b74f/sb-vite/deps/client-sCPvVTni.js?v=4127a785:14335
[   32380ms] [LOG] ✅ Tested With Adornments story @ http://localhost:6006/src/components/composed/input/stories/Input.stories.tsx?t=1791472503058:106
[   33667ms] [INFO] %cDownload the React DevTools for a better development experience: https://react.dev/link/react-devtools font-weight:bold @ http://localhost:6006/node_modules/.cache/storybook/10.5.2/53a123b7648f8b7514df557458b4048d90766ba59560424c235c2901b484b74f/sb-vite/deps/client-sCPvVTni.js?v=4127a785:14335
[   33678ms] [WARNING] Accessing the Story Store is deprecated and will be removed in 9.0 @ http://localhost:6006/node_modules/.cache/storybook/10.5.2/53a123b7648f8b7514df557458b4048d90766ba59560424c235c2901b484b74f/sb-vite/deps/storybook_internal_preview_runtime.js?v=4127a785:12648
[   33779ms] [VERBOSE] [DOM] Password field is not contained in a form: (More info: https://goo.gl/9p2vKq) @ http://localhost:6006/iframe.html?id=components-input--password&viewMode=story:0
[   33882ms] [LOG] ✅ Tested Password story @ http://localhost:6006/src/components/composed/input/stories/Input.stories.tsx?t=1791472503058:106
[   35037ms] [INFO] %cDownload the React DevTools for a better development experience: https://react.dev/link/react-devtools font-weight:bold @ http://localhost:6006/node_modules/.cache/storybook/10.5.2/53a123b7648f8b7514df557458b4048d90766ba59560424c235c2901b484b74f/sb-vite/deps/client-sCPvVTni.js?v=4127a785:14335
[   35142ms] [VERBOSE] [DOM] Password field is not contained in a form: (More info: https://goo.gl/9p2vKq) %o @ http://localhost:6006/iframe.html?id=components-input--password-disabled&viewMode=story:0
[   35147ms] [VERBOSE] [DOM] Password field is not contained in a form: (More info: https://goo.gl/9p2vKq) %o @ http://localhost:6006/iframe.html?id=components-input--password-disabled&viewMode=story:0
[   35148ms] [LOG] ✅ Tested Password Disabled story @ http://localhost:6006/src/components/composed/input/stories/Input.stories.tsx?t=1791472503058:106
[   36414ms] [INFO] %cDownload the React DevTools for a better development experience: https://react.dev/link/react-devtools font-weight:bold @ http://localhost:6006/node_modules/.cache/storybook/10.5.2/53a123b7648f8b7514df557458b4048d90766ba59560424c235c2901b484b74f/sb-vite/deps/client-sCPvVTni.js?v=4127a785:14335
[   36520ms] [LOG] ✅ Tested All Sizes story @ http://localhost:6006/src/components/composed/input/stories/Input.stories.tsx?t=1791472503058:106
[   37836ms] [INFO] %cDownload the React DevTools for a better development experience: https://react.dev/link/react-devtools font-weight:bold @ http://localhost:6006/node_modules/.cache/storybook/10.5.2/53a123b7648f8b7514df557458b4048d90766ba59560424c235c2901b484b74f/sb-vite/deps/client-sCPvVTni.js?v=4127a785:14335
[   37918ms] [WARNING] Accessing the Story Store is deprecated and will be removed in 9.0 @ http://localhost:6006/node_modules/.cache/storybook/10.5.2/53a123b7648f8b7514df557458b4048d90766ba59560424c235c2901b484b74f/sb-vite/deps/storybook_internal_preview_runtime.js?v=4127a785:12648
[   38054ms] [LOG] ✅ Tested Default story @ http://localhost:6006/src/components/composed/inputField/stories/InputField.stories.tsx?t=1791472503058:123
[   39206ms] [INFO] %cDownload the React DevTools for a better development experience: https://react.dev/link/react-devtools font-weight:bold @ http://localhost:6006/node_modules/.cache/storybook/10.5.2/53a123b7648f8b7514df557458b4048d90766ba59560424c235c2901b484b74f/sb-vite/deps/client-sCPvVTni.js?v=4127a785:14335
[   39311ms] [LOG] ✅ Tested With Description story @ http://localhost:6006/src/components/composed/inputField/stories/InputField.stories.tsx?t=1791472503058:123
[   40575ms] [INFO] %cDownload the React DevTools for a better development experience: https://react.dev/link/react-devtools font-weight:bold @ http://localhost:6006/node_modules/.cache/storybook/10.5.2/53a123b7648f8b7514df557458b4048d90766ba59560424c235c2901b484b74f/sb-vite/deps/client-sCPvVTni.js?v=4127a785:14335
[   40683ms] [LOG] ✅ Tested Disabled story @ http://localhost:6006/src/components/composed/inputField/stories/InputField.stories.tsx?t=1791472503058:123
[   42027ms] [INFO] %cDownload the React DevTools for a better development experience: https://react.dev/link/react-devtools font-weight:bold @ http://localhost:6006/node_modules/.cache/storybook/10.5.2/53a123b7648f8b7514df557458b4048d90766ba59560424c235c2901b484b74f/sb-vite/deps/client-sCPvVTni.js?v=4127a785:14335
[   42133ms] [LOG] ✅ Tested Invalid story @ http://localhost:6006/src/components/composed/inputField/stories/InputField.stories.tsx?t=1791472503058:123
[   43395ms] [INFO] %cDownload the React DevTools for a better development experience: https://react.dev/link/react-devtools font-weight:bold @ http://localhost:6006/node_modules/.cache/storybook/10.5.2/53a123b7648f8b7514df557458b4048d90766ba59560424c235c2901b484b74f/sb-vite/deps/client-sCPvVTni.js?v=4127a785:14335
[   43501ms] [LOG] ✅ Tested Required story @ http://localhost:6006/src/components/composed/inputField/stories/InputField.stories.tsx?t=1791472503058:123
[   44767ms] [INFO] %cDownload the React DevTools for a better development experience: https://react.dev/link/react-devtools font-weight:bold @ http://localhost:6006/node_modules/.cache/storybook/10.5.2/53a123b7648f8b7514df557458b4048d90766ba59560424c235c2901b484b74f/sb-vite/deps/client-sCPvVTni.js?v=4127a785:14335
[   44892ms] [LOG] ✅ Tested Default story @ http://localhost:6006/src/components/composed/radioField/stories/RadioField.stories.tsx?t=1791472503058:52
[   46370ms] [INFO] %cDownload the React DevTools for a better development experience: https://react.dev/link/react-devtools font-weight:bold @ http://localhost:6006/node_modules/.cache/storybook/10.5.2/53a123b7648f8b7514df557458b4048d90766ba59560424c235c2901b484b74f/sb-vite/deps/client-sCPvVTni.js?v=4127a785:14335
[   46478ms] [LOG] ✅ Tested With Description story @ http://localhost:6006/src/components/composed/radioField/stories/RadioField.stories.tsx?t=1791472503058:52
[   47783ms] [INFO] %cDownload the React DevTools for a better development experience: https://react.dev/link/react-devtools font-weight:bold @ http://localhost:6006/node_modules/.cache/storybook/10.5.2/53a123b7648f8b7514df557458b4048d90766ba59560424c235c2901b484b74f/sb-vite/deps/client-sCPvVTni.js?v=4127a785:14335
[   47893ms] [LOG] ✅ Tested Invalid story @ http://localhost:6006/src/components/composed/radioField/stories/RadioField.stories.tsx?t=1791472503058:52
[   49262ms] [INFO] %cDownload the React DevTools for a better development experience: https://react.dev/link/react-devtools font-weight:bold @ http://localhost:6006/node_modules/.cache/storybook/10.5.2/53a123b7648f8b7514df557458b4048d90766ba59560424c235c2901b484b74f/sb-vite/deps/client-sCPvVTni.js?v=4127a785:14335
[   49373ms] [LOG] ✅ Tested Disabled Field Set story @ http://localhost:6006/src/components/composed/radioField/stories/RadioField.stories.tsx?t=1791472503058:52
[   50669ms] [INFO] %cDownload the React DevTools for a better development experience: https://react.dev/link/react-devtools font-weight:bold @ http://localhost:6006/node_modules/.cache/storybook/10.5.2/53a123b7648f8b7514df557458b4048d90766ba59560424c235c2901b484b74f/sb-vite/deps/client-sCPvVTni.js?v=4127a785:14335
[   50813ms] [LOG] ✅ Tested Default story @ http://localhost:6006/src/components/composed/radioGroup/stories/RadioGroup.stories.tsx?t=1791472503058:41
[   52046ms] [INFO] %cDownload the React DevTools for a better development experience: https://react.dev/link/react-devtools font-weight:bold @ http://localhost:6006/node_modules/.cache/storybook/10.5.2/53a123b7648f8b7514df557458b4048d90766ba59560424c235c2901b484b74f/sb-vite/deps/client-sCPvVTni.js?v=4127a785:14335
[   52167ms] [LOG] ✅ Tested Disabled Options story @ http://localhost:6006/src/components/composed/radioGroup/stories/RadioGroup.stories.tsx?t=1791472503058:41
[   53391ms] [INFO] %cDownload the React DevTools for a better development experience: https://react.dev/link/react-devtools font-weight:bold @ http://localhost:6006/node_modules/.cache/storybook/10.5.2/53a123b7648f8b7514df557458b4048d90766ba59560424c235c2901b484b74f/sb-vite/deps/client-sCPvVTni.js?v=4127a785:14335
[   53525ms] [LOG] ✅ Tested Disabled Group story @ http://localhost:6006/src/components/composed/radioGroup/stories/RadioGroup.stories.tsx?t=1791472503058:41
[   54776ms] [INFO] %cDownload the React DevTools for a better development experience: https://react.dev/link/react-devtools font-weight:bold @ http://localhost:6006/node_modules/.cache/storybook/10.5.2/53a123b7648f8b7514df557458b4048d90766ba59560424c235c2901b484b74f/sb-vite/deps/client-sCPvVTni.js?v=4127a785:14335
[   54794ms] [WARNING] Accessing the Story Store is deprecated and will be removed in 9.0 @ http://localhost:6006/node_modules/.cache/storybook/10.5.2/53a123b7648f8b7514df557458b4048d90766ba59560424c235c2901b484b74f/sb-vite/deps/storybook_internal_preview_runtime.js?v=4127a785:12648
[   55299ms] [LOG] ✅ Tested Default story @ http://localhost:6006/src/components/composed/select/stories/Select.stories.tsx?t=1791472503058:61
[   56410ms] [INFO] %cDownload the React DevTools for a better development experience: https://react.dev/link/react-devtools font-weight:bold @ http://localhost:6006/node_modules/.cache/storybook/10.5.2/53a123b7648f8b7514df557458b4048d90766ba59560424c235c2901b484b74f/sb-vite/deps/client-sCPvVTni.js?v=4127a785:14335
[   56517ms] [LOG] ✅ Tested Disabled story @ http://localhost:6006/src/components/composed/select/stories/Select.stories.tsx?t=1791472503058:61
[   57860ms] [INFO] %cDownload the React DevTools for a better development experience: https://react.dev/link/react-devtools font-weight:bold @ http://localhost:6006/node_modules/.cache/storybook/10.5.2/53a123b7648f8b7514df557458b4048d90766ba59560424c235c2901b484b74f/sb-vite/deps/client-sCPvVTni.js?v=4127a785:14335
[   57874ms] [WARNING] Accessing the Story Store is deprecated and will be removed in 9.0 @ http://localhost:6006/node_modules/.cache/storybook/10.5.2/53a123b7648f8b7514df557458b4048d90766ba59560424c235c2901b484b74f/sb-vite/deps/storybook_internal_preview_runtime.js?v=4127a785:12648
[   58015ms] [LOG] ✅ Tested Disabled Items story @ http://localhost:6006/src/components/composed/select/stories/Select.stories.tsx?t=1791472503058:61
[   59321ms] [INFO] %cDownload the React DevTools for a better development experience: https://react.dev/link/react-devtools font-weight:bold @ http://localhost:6006/node_modules/.cache/storybook/10.5.2/53a123b7648f8b7514df557458b4048d90766ba59560424c235c2901b484b74f/sb-vite/deps/client-sCPvVTni.js?v=4127a785:14335
[   59338ms] [WARNING] Accessing the Story Store is deprecated and will be removed in 9.0 @ http://localhost:6006/node_modules/.cache/storybook/10.5.2/53a123b7648f8b7514df557458b4048d90766ba59560424c235c2901b484b74f/sb-vite/deps/storybook_internal_preview_runtime.js?v=4127a785:12648
[   59478ms] [LOG] ✅ Tested Invalid story @ http://localhost:6006/src/components/composed/select/stories/Select.stories.tsx?t=1791472503058:61
[   60683ms] [INFO] %cDownload the React DevTools for a better development experience: https://react.dev/link/react-devtools font-weight:bold @ http://localhost:6006/node_modules/.cache/storybook/10.5.2/53a123b7648f8b7514df557458b4048d90766ba59560424c235c2901b484b74f/sb-vite/deps/client-sCPvVTni.js?v=4127a785:14335
[   60705ms] [WARNING] Accessing the Story Store is deprecated and will be removed in 9.0 @ http://localhost:6006/node_modules/.cache/storybook/10.5.2/53a123b7648f8b7514df557458b4048d90766ba59560424c235c2901b484b74f/sb-vite/deps/storybook_internal_preview_runtime.js?v=4127a785:12648
[   60836ms] [LOG] ✅ Tested Grouped story @ http://localhost:6006/src/components/composed/select/stories/Select.stories.tsx?t=1791472503058:61
[   62394ms] [INFO] %cDownload the React DevTools for a better development experience: https://react.dev/link/react-devtools font-weight:bold @ http://localhost:6006/node_modules/.cache/storybook/10.5.2/53a123b7648f8b7514df557458b4048d90766ba59560424c235c2901b484b74f/sb-vite/deps/client-sCPvVTni.js?v=4127a785:14335
[   62417ms] [ERROR] AssertionError: expected "onOpenChange" to be called 1 times, but got 0 times
    at http://localhost:6006/src/components/composed/selectField/SelectField.test.ts:19:29
    at async http://localhost:6006/node_modules/.cache/storybook/10.5.2/53a123b7648f8b7514df557458b4048d90766ba59560424c235c2901b484b74f/sb-vite/deps/storybook_internal_preview_runtime.js?v=4127a785:33092:3
    at async http://localhost:6006/node_modules/.cache/storybook/10.5.2/53a123b7648f8b7514df557458b4048d90766ba59560424c235c2901b484b74f/sb-vite/deps/storybook_internal_preview_runtime.js?v=4127a785:33092:3
    at async http://localhost:6006/node_modules/.cache/storybook/10.5.2/53a123b7648f8b7514df557458b4048d90766ba59560424c235c2901b484b74f/sb-vite/deps/storybook_internal_preview_runtime.js?v=4127a785:33092:3
    at async defaultTests (http://localhost:6006/src/components/composed/selectField/SelectField.test.ts:16:2)
    at async StoryRender.runPhase (http://localhost:6006/node_modules/.cache/storybook/10.5.2/53a123b7648f8b7514df557458b4048d90766ba59560424c235c2901b484b74f/sb-vite/deps/storybook_internal_preview_runtime.js?v=4127a785:33601:19)
    at async StoryRender.render (http://localhost:6006/node_modules/.cache/storybook/10.5.2/53a123b7648f8b7514df557458b4048d90766ba59560424c235c2901b484b74f/sb-vite/deps/storybook_internal_preview_runtime.js?v=4127a785:33708:9) @ http://localhost:6006/node_modules/.cache/storybook/10.5.2/53a123b7648f8b7514df557458b4048d90766ba59560424c235c2901b484b74f/sb-vite/deps/storybook_internal_preview_runtime.js?v=4127a785:33713
[   62422ms] [WARNING] Accessing the Story Store is deprecated and will be removed in 9.0 @ http://localhost:6006/node_modules/.cache/storybook/10.5.2/53a123b7648f8b7514df557458b4048d90766ba59560424c235c2901b484b74f/sb-vite/deps/storybook_internal_preview_runtime.js?v=4127a785:12648
[   62542ms] [LOG] ✅ Tested Default story @ http://localhost:6006/src/components/composed/selectField/stories/SelectField.stories.tsx:92
[   63707ms] [INFO] %cDownload the React DevTools for a better development experience: https://react.dev/link/react-devtools font-weight:bold @ http://localhost:6006/node_modules/.cache/storybook/10.5.2/53a123b7648f8b7514df557458b4048d90766ba59560424c235c2901b484b74f/sb-vite/deps/client-sCPvVTni.js?v=4127a785:14335
[   63815ms] [LOG] ✅ Tested With Description story @ http://localhost:6006/src/components/composed/selectField/stories/SelectField.stories.tsx:92
[   65136ms] [INFO] %cDownload the React DevTools for a better development experience: https://react.dev/link/react-devtools font-weight:bold @ http://localhost:6006/node_modules/.cache/storybook/10.5.2/53a123b7648f8b7514df557458b4048d90766ba59560424c235c2901b484b74f/sb-vite/deps/client-sCPvVTni.js?v=4127a785:14335
[   65245ms] [LOG] ✅ Tested Disabled story @ http://localhost:6006/src/components/composed/selectField/stories/SelectField.stories.tsx:92
[   66512ms] [INFO] %cDownload the React DevTools for a better development experience: https://react.dev/link/react-devtools font-weight:bold @ http://localhost:6006/node_modules/.cache/storybook/10.5.2/53a123b7648f8b7514df557458b4048d90766ba59560424c235c2901b484b74f/sb-vite/deps/client-sCPvVTni.js?v=4127a785:14335
[   66620ms] [LOG] ✅ Tested Invalid story @ http://localhost:6006/src/components/composed/selectField/stories/SelectField.stories.tsx:92
[   67861ms] [INFO] %cDownload the React DevTools for a better development experience: https://react.dev/link/react-devtools font-weight:bold @ http://localhost:6006/node_modules/.cache/storybook/10.5.2/53a123b7648f8b7514df557458b4048d90766ba59560424c235c2901b484b74f/sb-vite/deps/client-sCPvVTni.js?v=4127a785:14335
[   67968ms] [LOG] ✅ Tested Required story @ http://localhost:6006/src/components/composed/selectField/stories/SelectField.stories.tsx:92
[   69315ms] [INFO] %cDownload the React DevTools for a better development experience: https://react.dev/link/react-devtools font-weight:bold @ http://localhost:6006/node_modules/.cache/storybook/10.5.2/53a123b7648f8b7514df557458b4048d90766ba59560424c235c2901b484b74f/sb-vite/deps/client-sCPvVTni.js?v=4127a785:14335
[   69486ms] [LOG] ✅ Tested Default story @ http://localhost:6006/src/components/composed/switchField/stories/SwitchField.stories.tsx:59
[   70651ms] [INFO] %cDownload the React DevTools for a better development experience: https://react.dev/link/react-devtools font-weight:bold @ http://localhost:6006/node_modules/.cache/storybook/10.5.2/53a123b7648f8b7514df557458b4048d90766ba59560424c235c2901b484b74f/sb-vite/deps/client-sCPvVTni.js?v=4127a785:14335
[   70819ms] [LOG] ✅ Tested Generated Id story @ http://localhost:6006/src/components/composed/switchField/stories/SwitchField.stories.tsx:59
[   72020ms] [INFO] %cDownload the React DevTools for a better development experience: https://react.dev/link/react-devtools font-weight:bold @ http://localhost:6006/node_modules/.cache/storybook/10.5.2/53a123b7648f8b7514df557458b4048d90766ba59560424c235c2901b484b74f/sb-vite/deps/client-sCPvVTni.js?v=4127a785:14335
[   72128ms] [LOG] ✅ Tested Disabled story @ http://localhost:6006/src/components/composed/switchField/stories/SwitchField.stories.tsx:59
[   73396ms] [INFO] %cDownload the React DevTools for a better development experience: https://react.dev/link/react-devtools font-weight:bold @ http://localhost:6006/node_modules/.cache/storybook/10.5.2/53a123b7648f8b7514df557458b4048d90766ba59560424c235c2901b484b74f/sb-vite/deps/client-sCPvVTni.js?v=4127a785:14335
[   73556ms] [LOG] ✅ Tested With Description story @ http://localhost:6006/src/components/composed/switchField/stories/SwitchField.stories.tsx:59
[   74800ms] [INFO] %cDownload the React DevTools for a better development experience: https://react.dev/link/react-devtools font-weight:bold @ http://localhost:6006/node_modules/.cache/storybook/10.5.2/53a123b7648f8b7514df557458b4048d90766ba59560424c235c2901b484b74f/sb-vite/deps/client-sCPvVTni.js?v=4127a785:14335
[   74909ms] [LOG] ✅ Tested Invalid story @ http://localhost:6006/src/components/composed/switchField/stories/SwitchField.stories.tsx:59
[   76157ms] [INFO] %cDownload the React DevTools for a better development experience: https://react.dev/link/react-devtools font-weight:bold @ http://localhost:6006/node_modules/.cache/storybook/10.5.2/53a123b7648f8b7514df557458b4048d90766ba59560424c235c2901b484b74f/sb-vite/deps/client-sCPvVTni.js?v=4127a785:14335
[   76263ms] [LOG] ✅ Tested Required story @ http://localhost:6006/src/components/composed/switchField/stories/SwitchField.stories.tsx:59
[   77570ms] [INFO] %cDownload the React DevTools for a better development experience: https://react.dev/link/react-devtools font-weight:bold @ http://localhost:6006/node_modules/.cache/storybook/10.5.2/53a123b7648f8b7514df557458b4048d90766ba59560424c235c2901b484b74f/sb-vite/deps/client-sCPvVTni.js?v=4127a785:14335
[   77580ms] [WARNING] Accessing the Story Store is deprecated and will be removed in 9.0 @ http://localhost:6006/node_modules/.cache/storybook/10.5.2/53a123b7648f8b7514df557458b4048d90766ba59560424c235c2901b484b74f/sb-vite/deps/storybook_internal_preview_runtime.js?v=4127a785:12648
[   77735ms] [LOG] ✅ Tested Default story @ http://localhost:6006/src/components/composed/textarea/stories/TextArea.stories.tsx:44
[   78914ms] [INFO] %cDownload the React DevTools for a better development experience: https://react.dev/link/react-devtools font-weight:bold @ http://localhost:6006/node_modules/.cache/storybook/10.5.2/53a123b7648f8b7514df557458b4048d90766ba59560424c235c2901b484b74f/sb-vite/deps/client-sCPvVTni.js?v=4127a785:14335
[   79582ms] [LOG] ✅ Tested With Max Length story @ http://localhost:6006/src/components/composed/textarea/stories/TextArea.stories.tsx:44
[   80540ms] [INFO] %cDownload the React DevTools for a better development experience: https://react.dev/link/react-devtools font-weight:bold @ http://localhost:6006/node_modules/.cache/storybook/10.5.2/53a123b7648f8b7514df557458b4048d90766ba59560424c235c2901b484b74f/sb-vite/deps/client-sCPvVTni.js?v=4127a785:14335
[   80645ms] [LOG] ✅ Tested Disabled story @ http://localhost:6006/src/components/composed/textarea/stories/TextArea.stories.tsx:44
[   82019ms] [INFO] %cDownload the React DevTools for a better development experience: https://react.dev/link/react-devtools font-weight:bold @ http://localhost:6006/node_modules/.cache/storybook/10.5.2/53a123b7648f8b7514df557458b4048d90766ba59560424c235c2901b484b74f/sb-vite/deps/client-sCPvVTni.js?v=4127a785:14335
[   82126ms] [LOG] ✅ Tested Invalid story @ http://localhost:6006/src/components/composed/textarea/stories/TextArea.stories.tsx:44
[   83431ms] [INFO] %cDownload the React DevTools for a better development experience: https://react.dev/link/react-devtools font-weight:bold @ http://localhost:6006/node_modules/.cache/storybook/10.5.2/53a123b7648f8b7514df557458b4048d90766ba59560424c235c2901b484b74f/sb-vite/deps/client-sCPvVTni.js?v=4127a785:14335
[   83538ms] [LOG] ✅ Tested Fixed Size story @ http://localhost:6006/src/components/composed/textarea/stories/TextArea.stories.tsx:44
[   84806ms] [INFO] %cDownload the React DevTools for a better development experience: https://react.dev/link/react-devtools font-weight:bold @ http://localhost:6006/node_modules/.cache/storybook/10.5.2/53a123b7648f8b7514df557458b4048d90766ba59560424c235c2901b484b74f/sb-vite/deps/client-sCPvVTni.js?v=4127a785:14335
[   84816ms] [WARNING] Accessing the Story Store is deprecated and will be removed in 9.0 @ http://localhost:6006/node_modules/.cache/storybook/10.5.2/53a123b7648f8b7514df557458b4048d90766ba59560424c235c2901b484b74f/sb-vite/deps/storybook_internal_preview_runtime.js?v=4127a785:12648
[   86257ms] [LOG] ✅ Tested Auto Grow story @ http://localhost:6006/src/components/composed/textarea/stories/TextArea.stories.tsx:44
[   87220ms] [INFO] %cDownload the React DevTools for a better development experience: https://react.dev/link/react-devtools font-weight:bold @ http://localhost:6006/node_modules/.cache/storybook/10.5.2/53a123b7648f8b7514df557458b4048d90766ba59560424c235c2901b484b74f/sb-vite/deps/client-sCPvVTni.js?v=4127a785:14335
[   87262ms] [WARNING] Accessing the Story Store is deprecated and will be removed in 9.0 @ http://localhost:6006/node_modules/.cache/storybook/10.5.2/53a123b7648f8b7514df557458b4048d90766ba59560424c235c2901b484b74f/sb-vite/deps/storybook_internal_preview_runtime.js?v=4127a785:12648
[   87402ms] [LOG] ✅ Tested Default story @ http://localhost:6006/src/components/composed/textareaField/stories/TextAreaField.stories.tsx:59
[   88683ms] [INFO] %cDownload the React DevTools for a better development experience: https://react.dev/link/react-devtools font-weight:bold @ http://localhost:6006/node_modules/.cache/storybook/10.5.2/53a123b7648f8b7514df557458b4048d90766ba59560424c235c2901b484b74f/sb-vite/deps/client-sCPvVTni.js?v=4127a785:14335
[   88852ms] [LOG] ✅ Tested With Counter story @ http://localhost:6006/src/components/composed/textareaField/stories/TextAreaField.stories.tsx:59
[   90040ms] [INFO] %cDownload the React DevTools for a better development experience: https://react.dev/link/react-devtools font-weight:bold @ http://localhost:6006/node_modules/.cache/storybook/10.5.2/53a123b7648f8b7514df557458b4048d90766ba59560424c235c2901b484b74f/sb-vite/deps/client-sCPvVTni.js?v=4127a785:14335
[   90147ms] [LOG] ✅ Tested Disabled story @ http://localhost:6006/src/components/composed/textareaField/stories/TextAreaField.stories.tsx:59
[   91412ms] [INFO] %cDownload the React DevTools for a better development experience: https://react.dev/link/react-devtools font-weight:bold @ http://localhost:6006/node_modules/.cache/storybook/10.5.2/53a123b7648f8b7514df557458b4048d90766ba59560424c235c2901b484b74f/sb-vite/deps/client-sCPvVTni.js?v=4127a785:14335
[   91518ms] [LOG] ✅ Tested With Description story @ http://localhost:6006/src/components/composed/textareaField/stories/TextAreaField.stories.tsx:59
[   92774ms] [INFO] %cDownload the React DevTools for a better development experience: https://react.dev/link/react-devtools font-weight:bold @ http://localhost:6006/node_modules/.cache/storybook/10.5.2/53a123b7648f8b7514df557458b4048d90766ba59560424c235c2901b484b74f/sb-vite/deps/client-sCPvVTni.js?v=4127a785:14335
[   92937ms] [LOG] ✅ Tested Invalid story @ http://localhost:6006/src/components/composed/textareaField/stories/TextAreaField.stories.tsx:59
[   94143ms] [INFO] %cDownload the React DevTools for a better development experience: https://react.dev/link/react-devtools font-weight:bold @ http://localhost:6006/node_modules/.cache/storybook/10.5.2/53a123b7648f8b7514df557458b4048d90766ba59560424c235c2901b484b74f/sb-vite/deps/client-sCPvVTni.js?v=4127a785:14335
[   94249ms] [LOG] ✅ Tested Required story @ http://localhost:6006/src/components/composed/textareaField/stories/TextAreaField.stories.tsx:59
[   95545ms] [INFO] %cDownload the React DevTools for a better development experience: https://react.dev/link/react-devtools font-weight:bold @ http://localhost:6006/node_modules/.cache/storybook/10.5.2/53a123b7648f8b7514df557458b4048d90766ba59560424c235c2901b484b74f/sb-vite/deps/client-sCPvVTni.js?v=4127a785:14335
[   95651ms] [LOG] ✅ Tested Base story @ http://localhost:6006/src/components/primitives/badge/stories/Badge.stories.tsx:51
[   96878ms] [INFO] %cDownload the React DevTools for a better development experience: https://react.dev/link/react-devtools font-weight:bold @ http://localhost:6006/node_modules/.cache/storybook/10.5.2/53a123b7648f8b7514df557458b4048d90766ba59560424c235c2901b484b74f/sb-vite/deps/client-sCPvVTni.js?v=4127a785:14335
[   96985ms] [LOG] ✅ Tested All Variants story @ http://localhost:6006/src/components/primitives/badge/stories/Badge.stories.tsx:51
[   98244ms] [INFO] %cDownload the React DevTools for a better development experience: https://react.dev/link/react-devtools font-weight:bold @ http://localhost:6006/node_modules/.cache/storybook/10.5.2/53a123b7648f8b7514df557458b4048d90766ba59560424c235c2901b484b74f/sb-vite/deps/client-sCPvVTni.js?v=4127a785:14335
[   98350ms] [LOG] ✅ Tested With Icon story @ http://localhost:6006/src/components/primitives/badge/stories/Badge.stories.tsx:51
[   99698ms] [INFO] %cDownload the React DevTools for a better development experience: https://react.dev/link/react-devtools font-weight:bold @ http://localhost:6006/node_modules/.cache/storybook/10.5.2/53a123b7648f8b7514df557458b4048d90766ba59560424c235c2901b484b74f/sb-vite/deps/client-sCPvVTni.js?v=4127a785:14335
[   99805ms] [LOG] ✅ Tested As A Div story @ http://localhost:6006/src/components/primitives/badge/stories/Badge.stories.tsx:51
[  101151ms] [INFO] %cDownload the React DevTools for a better development experience: https://react.dev/link/react-devtools font-weight:bold @ http://localhost:6006/node_modules/.cache/storybook/10.5.2/53a123b7648f8b7514df557458b4048d90766ba59560424c235c2901b484b74f/sb-vite/deps/client-sCPvVTni.js?v=4127a785:14335
[  101160ms] [WARNING] Accessing the Story Store is deprecated and will be removed in 9.0 @ http://localhost:6006/node_modules/.cache/storybook/10.5.2/53a123b7648f8b7514df557458b4048d90766ba59560424c235c2901b484b74f/sb-vite/deps/storybook_internal_preview_runtime.js?v=4127a785:12648
[  101306ms] [LOG] ✅ Tested Default story @ http://localhost:6006/src/components/primitives/button/stories/Button.stories.tsx:64
[  102446ms] [INFO] %cDownload the React DevTools for a better development experience: https://react.dev/link/react-devtools font-weight:bold @ http://localhost:6006/node_modules/.cache/storybook/10.5.2/53a123b7648f8b7514df557458b4048d90766ba59560424c235c2901b484b74f/sb-vite/deps/client-sCPvVTni.js?v=4127a785:14335
[  102554ms] [LOG] ✅ Tested Disabled story @ http://localhost:6006/src/components/primitives/button/stories/Button.stories.tsx:64
[  103878ms] [INFO] %cDownload the React DevTools for a better development experience: https://react.dev/link/react-devtools font-weight:bold @ http://localhost:6006/node_modules/.cache/storybook/10.5.2/53a123b7648f8b7514df557458b4048d90766ba59560424c235c2901b484b74f/sb-vite/deps/client-sCPvVTni.js?v=4127a785:14335
[  103985ms] [LOG] ✅ Tested Loading story @ http://localhost:6006/src/components/primitives/button/stories/Button.stories.tsx:64
[  105750ms] [INFO] %cDownload the React DevTools for a better development experience: https://react.dev/link/react-devtools font-weight:bold @ http://localhost:6006/node_modules/.cache/storybook/10.5.2/53a123b7648f8b7514df557458b4048d90766ba59560424c235c2901b484b74f/sb-vite/deps/client-sCPvVTni.js?v=4127a785:14335
[  105760ms] [WARNING] Accessing the Story Store is deprecated and will be removed in 9.0 @ http://localhost:6006/node_modules/.cache/storybook/10.5.2/53a123b7648f8b7514df557458b4048d90766ba59560424c235c2901b484b74f/sb-vite/deps/storybook_internal_preview_runtime.js?v=4127a785:12648
[  105889ms] [LOG] ✅ Tested As Another Element story @ http://localhost:6006/src/components/primitives/button/stories/Button.stories.tsx:64
[  107140ms] [INFO] %cDownload the React DevTools for a better development experience: https://react.dev/link/react-devtools font-weight:bold @ http://localhost:6006/node_modules/.cache/storybook/10.5.2/53a123b7648f8b7514df557458b4048d90766ba59560424c235c2901b484b74f/sb-vite/deps/client-sCPvVTni.js?v=4127a785:14335
[  107336ms] [LOG] ✅ Tested Default story @ http://localhost:6006/src/components/primitives/checkboxGroup/stories/CheckboxGroup.stories.tsx:31
[  108507ms] [INFO] %cDownload the React DevTools for a better development experience: https://react.dev/link/react-devtools font-weight:bold @ http://localhost:6006/node_modules/.cache/storybook/10.5.2/53a123b7648f8b7514df557458b4048d90766ba59560424c235c2901b484b74f/sb-vite/deps/client-sCPvVTni.js?v=4127a785:14335
[  108686ms] [LOG] ✅ Tested Disabled Options story @ http://localhost:6006/src/components/primitives/checkboxGroup/stories/CheckboxGroup.stories.tsx:31
[  109891ms] [INFO] %cDownload the React DevTools for a better development experience: https://react.dev/link/react-devtools font-weight:bold @ http://localhost:6006/node_modules/.cache/storybook/10.5.2/53a123b7648f8b7514df557458b4048d90766ba59560424c235c2901b484b74f/sb-vite/deps/client-sCPvVTni.js?v=4127a785:14335
[  110001ms] [LOG] ✅ Tested Disabled Group story @ http://localhost:6006/src/components/primitives/checkboxGroup/stories/CheckboxGroup.stories.tsx:31
[  111278ms] [INFO] %cDownload the React DevTools for a better development experience: https://react.dev/link/react-devtools font-weight:bold @ http://localhost:6006/node_modules/.cache/storybook/10.5.2/53a123b7648f8b7514df557458b4048d90766ba59560424c235c2901b484b74f/sb-vite/deps/client-sCPvVTni.js?v=4127a785:14335
[  111286ms] [WARNING] Accessing the Story Store is deprecated and will be removed in 9.0 @ http://localhost:6006/node_modules/.cache/storybook/10.5.2/53a123b7648f8b7514df557458b4048d90766ba59560424c235c2901b484b74f/sb-vite/deps/storybook_internal_preview_runtime.js?v=4127a785:12648
[  111431ms] [LOG] ✅ Tested Default story @ http://localhost:6006/src/components/primitives/icon-button/stories/IconButton.stories.tsx:74
[  112635ms] [INFO] %cDownload the React DevTools for a better development experience: https://react.dev/link/react-devtools font-weight:bold @ http://localhost:6006/node_modules/.cache/storybook/10.5.2/53a123b7648f8b7514df557458b4048d90766ba59560424c235c2901b484b74f/sb-vite/deps/client-sCPvVTni.js?v=4127a785:14335
[  112743ms] [LOG] ✅ Tested Disabled story @ http://localhost:6006/src/components/primitives/icon-button/stories/IconButton.stories.tsx:74
[  114020ms] [INFO] %cDownload the React DevTools for a better development experience: https://react.dev/link/react-devtools font-weight:bold @ http://localhost:6006/node_modules/.cache/storybook/10.5.2/53a123b7648f8b7514df557458b4048d90766ba59560424c235c2901b484b74f/sb-vite/deps/client-sCPvVTni.js?v=4127a785:14335
[  114128ms] [LOG] ✅ Tested Loading story @ http://localhost:6006/src/components/primitives/icon-button/stories/IconButton.stories.tsx:74
[  115945ms] [INFO] %cDownload the React DevTools for a better development experience: https://react.dev/link/react-devtools font-weight:bold @ http://localhost:6006/node_modules/.cache/storybook/10.5.2/53a123b7648f8b7514df557458b4048d90766ba59560424c235c2901b484b74f/sb-vite/deps/client-sCPvVTni.js?v=4127a785:14335
[  115954ms] [WARNING] Accessing the Story Store is deprecated and will be removed in 9.0 @ http://localhost:6006/node_modules/.cache/storybook/10.5.2/53a123b7648f8b7514df557458b4048d90766ba59560424c235c2901b484b74f/sb-vite/deps/storybook_internal_preview_runtime.js?v=4127a785:12648
[  116087ms] [LOG] ✅ Tested As Another Element story @ http://localhost:6006/src/components/primitives/icon-button/stories/IconButton.stories.tsx:74
[  117572ms] [INFO] %cDownload the React DevTools for a better development experience: https://react.dev/link/react-devtools font-weight:bold @ http://localhost:6006/node_modules/.cache/storybook/10.5.2/53a123b7648f8b7514df557458b4048d90766ba59560424c235c2901b484b74f/sb-vite/deps/client-sCPvVTni.js?v=4127a785:14335
[  117679ms] [LOG] ✅ Tested Default story @ http://localhost:6006/src/components/primitives/label/stories/Label.stories.tsx:15
[  118924ms] [INFO] %cDownload the React DevTools for a better development experience: https://react.dev/link/react-devtools font-weight:bold @ http://localhost:6006/node_modules/.cache/storybook/10.5.2/53a123b7648f8b7514df557458b4048d90766ba59560424c235c2901b484b74f/sb-vite/deps/client-sCPvVTni.js?v=4127a785:14335
[  119029ms] [LOG] ✅ Tested Emphasis story @ http://localhost:6006/src/components/primitives/label/stories/Label.stories.tsx:15
[  120328ms] [INFO] %cDownload the React DevTools for a better development experience: https://react.dev/link/react-devtools font-weight:bold @ http://localhost:6006/node_modules/.cache/storybook/10.5.2/53a123b7648f8b7514df557458b4048d90766ba59560424c235c2901b484b74f/sb-vite/deps/client-sCPvVTni.js?v=4127a785:14335
[  120433ms] [LOG] ✅ Tested Default story @ http://localhost:6006/src/components/primitives/separator/stories/Separator.stories.tsx:28
[  121712ms] [INFO] %cDownload the React DevTools for a better development experience: https://react.dev/link/react-devtools font-weight:bold @ http://localhost:6006/node_modules/.cache/storybook/10.5.2/53a123b7648f8b7514df557458b4048d90766ba59560424c235c2901b484b74f/sb-vite/deps/client-sCPvVTni.js?v=4127a785:14335
[  121817ms] [LOG] ✅ Tested Vertical story @ http://localhost:6006/src/components/primitives/separator/stories/Separator.stories.tsx:28
[  123069ms] [INFO] %cDownload the React DevTools for a better development experience: https://react.dev/link/react-devtools font-weight:bold @ http://localhost:6006/node_modules/.cache/storybook/10.5.2/53a123b7648f8b7514df557458b4048d90766ba59560424c235c2901b484b74f/sb-vite/deps/client-sCPvVTni.js?v=4127a785:14335
[  123236ms] [LOG] ✅ Tested Default story @ http://localhost:6006/src/components/primitives/switch/stories/Switch.stories.tsx:39
[  124414ms] [INFO] %cDownload the React DevTools for a better development experience: https://react.dev/link/react-devtools font-weight:bold @ http://localhost:6006/node_modules/.cache/storybook/10.5.2/53a123b7648f8b7514df557458b4048d90766ba59560424c235c2901b484b74f/sb-vite/deps/client-sCPvVTni.js?v=4127a785:14335
[  124527ms] [LOG] ✅ Tested Disabled story @ http://localhost:6006/src/components/primitives/switch/stories/Switch.stories.tsx:39
[  125762ms] [INFO] %cDownload the React DevTools for a better development experience: https://react.dev/link/react-devtools font-weight:bold @ http://localhost:6006/node_modules/.cache/storybook/10.5.2/53a123b7648f8b7514df557458b4048d90766ba59560424c235c2901b484b74f/sb-vite/deps/client-sCPvVTni.js?v=4127a785:14335
[  125919ms] [LOG] ✅ Tested Polymorphism story @ http://localhost:6006/src/components/primitives/switch/stories/Switch.stories.tsx:39
[  127130ms] [INFO] %cDownload the React DevTools for a better development experience: https://react.dev/link/react-devtools font-weight:bold @ http://localhost:6006/node_modules/.cache/storybook/10.5.2/53a123b7648f8b7514df557458b4048d90766ba59560424c235c2901b484b74f/sb-vite/deps/client-sCPvVTni.js?v=4127a785:14335
[  127305ms] [LOG] ✅ Tested Invalid story @ http://localhost:6006/src/components/primitives/switch/stories/Switch.stories.tsx:39
