[   10534ms] [INFO] %cDownload the React DevTools for a better development experience: https://react.dev/link/react-devtools font-weight:bold @ http://localhost:6006/node_modules/.cache/storybook/10.5.2/53a123b7648f8b7514df557458b4048d90766ba59560424c235c2901b484b74f/sb-vite/deps/client-sCPvVTni.js?v=4127a785:14335
[   10655ms] [LOG] ✅ Tested Default story @ http://localhost:6006/src/components/composed/checkbox/stories/Checkbox.stories.tsx?t=1791472897583:43
[   12093ms] [INFO] %cDownload the React DevTools for a better development experience: https://react.dev/link/react-devtools font-weight:bold @ http://localhost:6006/node_modules/.cache/storybook/10.5.2/53a123b7648f8b7514df557458b4048d90766ba59560424c235c2901b484b74f/sb-vite/deps/client-sCPvVTni.js?v=4127a785:14335
[   12202ms] [LOG] ✅ Tested Invalid story @ http://localhost:6006/src/components/composed/checkbox/stories/Checkbox.stories.tsx?t=1791472897583:43
[   13759ms] [INFO] %cDownload the React DevTools for a better development experience: https://react.dev/link/react-devtools font-weight:bold @ http://localhost:6006/node_modules/.cache/storybook/10.5.2/53a123b7648f8b7514df557458b4048d90766ba59560424c235c2901b484b74f/sb-vite/deps/client-sCPvVTni.js?v=4127a785:14335
[   13869ms] [LOG] ✅ Tested Default story @ http://localhost:6006/src/components/composed/checkboxField/stories/CheckboxField.stories.tsx?t=1791472897586:81
[   15398ms] [INFO] %cDownload the React DevTools for a better development experience: https://react.dev/link/react-devtools font-weight:bold @ http://localhost:6006/node_modules/.cache/storybook/10.5.2/53a123b7648f8b7514df557458b4048d90766ba59560424c235c2901b484b74f/sb-vite/deps/client-sCPvVTni.js?v=4127a785:14335
[   15504ms] [ERROR] Accessing element.ref was removed in React 19. ref is now a regular prop. It will be removed from the JSX Element type in a future release. @ http://localhost:6006/node_modules/.cache/storybook/10.5.2/53a123b7648f8b7514df557458b4048d90766ba59560424c235c2901b484b74f/sb-vite/deps/react.js?v=4127a785:127
[   15505ms] [LOG] ✅ Tested Default story @ http://localhost:6006/src/components/composed/dialog/stories/Dialog.stories.tsx?t=1791472897589:109
[   16956ms] [INFO] %cDownload the React DevTools for a better development experience: https://react.dev/link/react-devtools font-weight:bold @ http://localhost:6006/node_modules/.cache/storybook/10.5.2/53a123b7648f8b7514df557458b4048d90766ba59560424c235c2901b484b74f/sb-vite/deps/client-sCPvVTni.js?v=4127a785:14335
[   17062ms] [LOG] ✅ Tested Integrated Trigger story @ http://localhost:6006/src/components/composed/dialog/stories/Dialog.stories.tsx?t=1791472897589:109
[   18556ms] [INFO] %cDownload the React DevTools for a better development experience: https://react.dev/link/react-devtools font-weight:bold @ http://localhost:6006/node_modules/.cache/storybook/10.5.2/53a123b7648f8b7514df557458b4048d90766ba59560424c235c2901b484b74f/sb-vite/deps/client-sCPvVTni.js?v=4127a785:14335
[   18663ms] [LOG] ✅ Tested Async Primary Submission story @ http://localhost:6006/src/components/composed/dialog/stories/Dialog.stories.tsx?t=1791472897589:109
[   20168ms] [INFO] %cDownload the React DevTools for a better development experience: https://react.dev/link/react-devtools font-weight:bold @ http://localhost:6006/node_modules/.cache/storybook/10.5.2/53a123b7648f8b7514df557458b4048d90766ba59560424c235c2901b484b74f/sb-vite/deps/client-sCPvVTni.js?v=4127a785:14335
[   20274ms] [LOG] ✅ Tested Header Action Trigger story @ http://localhost:6006/src/components/composed/dialog/stories/Dialog.stories.tsx?t=1791472897589:109
[   21786ms] [INFO] %cDownload the React DevTools for a better development experience: https://react.dev/link/react-devtools font-weight:bold @ http://localhost:6006/node_modules/.cache/storybook/10.5.2/53a123b7648f8b7514df557458b4048d90766ba59560424c235c2901b484b74f/sb-vite/deps/client-sCPvVTni.js?v=4127a785:14335
[   21893ms] [LOG] ✅ Tested Lifecycle Callback story @ http://localhost:6006/src/components/composed/dialog/stories/Dialog.stories.tsx?t=1791472897589:109
[   23407ms] [INFO] %cDownload the React DevTools for a better development experience: https://react.dev/link/react-devtools font-weight:bold @ http://localhost:6006/node_modules/.cache/storybook/10.5.2/53a123b7648f8b7514df557458b4048d90766ba59560424c235c2901b484b74f/sb-vite/deps/client-sCPvVTni.js?v=4127a785:14335
[   23516ms] [LOG] ✅ Tested Default story @ http://localhost:6006/src/components/composed/dropdownMenu/stories/DropdownMenu.stories.tsx?t=1791472927896:87
[   25010ms] [INFO] %cDownload the React DevTools for a better development experience: https://react.dev/link/react-devtools font-weight:bold @ http://localhost:6006/node_modules/.cache/storybook/10.5.2/53a123b7648f8b7514df557458b4048d90766ba59560424c235c2901b484b74f/sb-vite/deps/client-sCPvVTni.js?v=4127a785:14335
[   25116ms] [LOG] ✅ Tested Item States story @ http://localhost:6006/src/components/composed/dropdownMenu/stories/DropdownMenu.stories.tsx?t=1791472927896:87
[   26613ms] [INFO] %cDownload the React DevTools for a better development experience: https://react.dev/link/react-devtools font-weight:bold @ http://localhost:6006/node_modules/.cache/storybook/10.5.2/53a123b7648f8b7514df557458b4048d90766ba59560424c235c2901b484b74f/sb-vite/deps/client-sCPvVTni.js?v=4127a785:14335
[   26720ms] [LOG] ✅ Tested Grouped story @ http://localhost:6006/src/components/composed/dropdownMenu/stories/DropdownMenu.stories.tsx?t=1791472927896:87
[   28254ms] [INFO] %cDownload the React DevTools for a better development experience: https://react.dev/link/react-devtools font-weight:bold @ http://localhost:6006/node_modules/.cache/storybook/10.5.2/53a123b7648f8b7514df557458b4048d90766ba59560424c235c2901b484b74f/sb-vite/deps/client-sCPvVTni.js?v=4127a785:14335
[   28362ms] [LOG] ✅ Tested Radio Items story @ http://localhost:6006/src/components/composed/dropdownMenu/stories/DropdownMenu.stories.tsx?t=1791472927896:87
[   29872ms] [INFO] %cDownload the React DevTools for a better development experience: https://react.dev/link/react-devtools font-weight:bold @ http://localhost:6006/node_modules/.cache/storybook/10.5.2/53a123b7648f8b7514df557458b4048d90766ba59560424c235c2901b484b74f/sb-vite/deps/client-sCPvVTni.js?v=4127a785:14335
[   29979ms] [LOG] ✅ Tested Checkbox Items story @ http://localhost:6006/src/components/composed/dropdownMenu/stories/DropdownMenu.stories.tsx?t=1791472927896:87
[   31523ms] [INFO] %cDownload the React DevTools for a better development experience: https://react.dev/link/react-devtools font-weight:bold @ http://localhost:6006/node_modules/.cache/storybook/10.5.2/53a123b7648f8b7514df557458b4048d90766ba59560424c235c2901b484b74f/sb-vite/deps/client-sCPvVTni.js?v=4127a785:14335
[   31629ms] [LOG] ✅ Tested Default story @ http://localhost:6006/src/components/composed/input/stories/Input.stories.tsx?t=1791472897595:106
[   33147ms] [INFO] %cDownload the React DevTools for a better development experience: https://react.dev/link/react-devtools font-weight:bold @ http://localhost:6006/node_modules/.cache/storybook/10.5.2/53a123b7648f8b7514df557458b4048d90766ba59560424c235c2901b484b74f/sb-vite/deps/client-sCPvVTni.js?v=4127a785:14335
[   33251ms] [VERBOSE] [DOM] Password field is not contained in a form: (More info: https://goo.gl/9p2vKq) %o @ http://localhost:6006/iframe.html?id=components-input--password&viewMode=story:0
[   33252ms] [LOG] ✅ Tested Password story @ http://localhost:6006/src/components/composed/input/stories/Input.stories.tsx?t=1791472897595:106
[   34774ms] [INFO] %cDownload the React DevTools for a better development experience: https://react.dev/link/react-devtools font-weight:bold @ http://localhost:6006/node_modules/.cache/storybook/10.5.2/53a123b7648f8b7514df557458b4048d90766ba59560424c235c2901b484b74f/sb-vite/deps/client-sCPvVTni.js?v=4127a785:14335
[   34880ms] [LOG] ✅ Tested Default story @ http://localhost:6006/src/components/composed/inputField/stories/InputField.stories.tsx?t=1791472897598:123
[   36388ms] [INFO] %cDownload the React DevTools for a better development experience: https://react.dev/link/react-devtools font-weight:bold @ http://localhost:6006/node_modules/.cache/storybook/10.5.2/53a123b7648f8b7514df557458b4048d90766ba59560424c235c2901b484b74f/sb-vite/deps/client-sCPvVTni.js?v=4127a785:14335
[   36496ms] [LOG] ✅ Tested Default story @ http://localhost:6006/src/components/composed/radioField/stories/RadioField.stories.tsx?t=1791472897601:52
[   37997ms] [INFO] %cDownload the React DevTools for a better development experience: https://react.dev/link/react-devtools font-weight:bold @ http://localhost:6006/node_modules/.cache/storybook/10.5.2/53a123b7648f8b7514df557458b4048d90766ba59560424c235c2901b484b74f/sb-vite/deps/client-sCPvVTni.js?v=4127a785:14335
[   38105ms] [LOG] ✅ Tested Default story @ http://localhost:6006/src/components/composed/radioGroup/stories/RadioGroup.stories.tsx?t=1791472897604:41
[   39606ms] [INFO] %cDownload the React DevTools for a better development experience: https://react.dev/link/react-devtools font-weight:bold @ http://localhost:6006/node_modules/.cache/storybook/10.5.2/53a123b7648f8b7514df557458b4048d90766ba59560424c235c2901b484b74f/sb-vite/deps/client-sCPvVTni.js?v=4127a785:14335
[   39714ms] [LOG] ✅ Tested Default story @ http://localhost:6006/src/components/composed/select/stories/Select.stories.tsx?t=1791472897607:61
[   41202ms] [INFO] %cDownload the React DevTools for a better development experience: https://react.dev/link/react-devtools font-weight:bold @ http://localhost:6006/node_modules/.cache/storybook/10.5.2/53a123b7648f8b7514df557458b4048d90766ba59560424c235c2901b484b74f/sb-vite/deps/client-sCPvVTni.js?v=4127a785:14335
[   41307ms] [LOG] ✅ Tested Disabled Items story @ http://localhost:6006/src/components/composed/select/stories/Select.stories.tsx?t=1791472897607:61
[   42817ms] [INFO] %cDownload the React DevTools for a better development experience: https://react.dev/link/react-devtools font-weight:bold @ http://localhost:6006/node_modules/.cache/storybook/10.5.2/53a123b7648f8b7514df557458b4048d90766ba59560424c235c2901b484b74f/sb-vite/deps/client-sCPvVTni.js?v=4127a785:14335
[   42927ms] [LOG] ✅ Tested Invalid story @ http://localhost:6006/src/components/composed/select/stories/Select.stories.tsx?t=1791472897607:61
[   44428ms] [INFO] %cDownload the React DevTools for a better development experience: https://react.dev/link/react-devtools font-weight:bold @ http://localhost:6006/node_modules/.cache/storybook/10.5.2/53a123b7648f8b7514df557458b4048d90766ba59560424c235c2901b484b74f/sb-vite/deps/client-sCPvVTni.js?v=4127a785:14335
[   44534ms] [LOG] ✅ Tested Grouped story @ http://localhost:6006/src/components/composed/select/stories/Select.stories.tsx?t=1791472897607:61
[   46037ms] [INFO] %cDownload the React DevTools for a better development experience: https://react.dev/link/react-devtools font-weight:bold @ http://localhost:6006/node_modules/.cache/storybook/10.5.2/53a123b7648f8b7514df557458b4048d90766ba59560424c235c2901b484b74f/sb-vite/deps/client-sCPvVTni.js?v=4127a785:14335
[   46149ms] [LOG] ✅ Tested Default story @ http://localhost:6006/src/components/composed/selectField/stories/SelectField.stories.tsx?t=1791472897610:92
[   47651ms] [INFO] %cDownload the React DevTools for a better development experience: https://react.dev/link/react-devtools font-weight:bold @ http://localhost:6006/node_modules/.cache/storybook/10.5.2/53a123b7648f8b7514df557458b4048d90766ba59560424c235c2901b484b74f/sb-vite/deps/client-sCPvVTni.js?v=4127a785:14335
[   47758ms] [LOG] ✅ Tested Default story @ http://localhost:6006/src/components/composed/switchField/stories/SwitchField.stories.tsx?t=1791472897613:59
[   49253ms] [INFO] %cDownload the React DevTools for a better development experience: https://react.dev/link/react-devtools font-weight:bold @ http://localhost:6006/node_modules/.cache/storybook/10.5.2/53a123b7648f8b7514df557458b4048d90766ba59560424c235c2901b484b74f/sb-vite/deps/client-sCPvVTni.js?v=4127a785:14335
[   49360ms] [LOG] ✅ Tested Generated Id story @ http://localhost:6006/src/components/composed/switchField/stories/SwitchField.stories.tsx?t=1791472897613:59
[   50879ms] [INFO] %cDownload the React DevTools for a better development experience: https://react.dev/link/react-devtools font-weight:bold @ http://localhost:6006/node_modules/.cache/storybook/10.5.2/53a123b7648f8b7514df557458b4048d90766ba59560424c235c2901b484b74f/sb-vite/deps/client-sCPvVTni.js?v=4127a785:14335
[   50989ms] [LOG] ✅ Tested With Description story @ http://localhost:6006/src/components/composed/switchField/stories/SwitchField.stories.tsx?t=1791472897613:59
[   52562ms] [INFO] %cDownload the React DevTools for a better development experience: https://react.dev/link/react-devtools font-weight:bold @ http://localhost:6006/node_modules/.cache/storybook/10.5.2/53a123b7648f8b7514df557458b4048d90766ba59560424c235c2901b484b74f/sb-vite/deps/client-sCPvVTni.js?v=4127a785:14335
[   52667ms] [LOG] ✅ Tested Default story @ http://localhost:6006/src/components/composed/textarea/stories/TextArea.stories.tsx?t=1791472897616:44
[   54178ms] [INFO] %cDownload the React DevTools for a better development experience: https://react.dev/link/react-devtools font-weight:bold @ http://localhost:6006/node_modules/.cache/storybook/10.5.2/53a123b7648f8b7514df557458b4048d90766ba59560424c235c2901b484b74f/sb-vite/deps/client-sCPvVTni.js?v=4127a785:14335
[   54283ms] [LOG] ✅ Tested With Max Length story @ http://localhost:6006/src/components/composed/textarea/stories/TextArea.stories.tsx?t=1791472897616:44
[   55780ms] [INFO] %cDownload the React DevTools for a better development experience: https://react.dev/link/react-devtools font-weight:bold @ http://localhost:6006/node_modules/.cache/storybook/10.5.2/53a123b7648f8b7514df557458b4048d90766ba59560424c235c2901b484b74f/sb-vite/deps/client-sCPvVTni.js?v=4127a785:14335
[   55885ms] [LOG] ✅ Tested Auto Grow story @ http://localhost:6006/src/components/composed/textarea/stories/TextArea.stories.tsx?t=1791472897616:44
[   57449ms] [INFO] %cDownload the React DevTools for a better development experience: https://react.dev/link/react-devtools font-weight:bold @ http://localhost:6006/node_modules/.cache/storybook/10.5.2/53a123b7648f8b7514df557458b4048d90766ba59560424c235c2901b484b74f/sb-vite/deps/client-sCPvVTni.js?v=4127a785:14335
[   57554ms] [LOG] ✅ Tested Default story @ http://localhost:6006/src/components/composed/textareaField/stories/TextAreaField.stories.tsx?t=1791472897619:59
[   59054ms] [INFO] %cDownload the React DevTools for a better development experience: https://react.dev/link/react-devtools font-weight:bold @ http://localhost:6006/node_modules/.cache/storybook/10.5.2/53a123b7648f8b7514df557458b4048d90766ba59560424c235c2901b484b74f/sb-vite/deps/client-sCPvVTni.js?v=4127a785:14335
[   59162ms] [LOG] ✅ Tested Default story @ http://localhost:6006/src/components/primitives/checkboxGroup/stories/CheckboxGroup.stories.tsx?t=1791472897622:31
[   60669ms] [INFO] %cDownload the React DevTools for a better development experience: https://react.dev/link/react-devtools font-weight:bold @ http://localhost:6006/node_modules/.cache/storybook/10.5.2/53a123b7648f8b7514df557458b4048d90766ba59560424c235c2901b484b74f/sb-vite/deps/client-sCPvVTni.js?v=4127a785:14335
[   60777ms] [LOG] ✅ Tested Disabled Options story @ http://localhost:6006/src/components/primitives/checkboxGroup/stories/CheckboxGroup.stories.tsx?t=1791472897622:31
[   62290ms] [INFO] %cDownload the React DevTools for a better development experience: https://react.dev/link/react-devtools font-weight:bold @ http://localhost:6006/node_modules/.cache/storybook/10.5.2/53a123b7648f8b7514df557458b4048d90766ba59560424c235c2901b484b74f/sb-vite/deps/client-sCPvVTni.js?v=4127a785:14335
[   62397ms] [LOG] ✅ Tested Default story @ http://localhost:6006/src/components/primitives/switch/stories/Switch.stories.tsx?t=1791472897625:39
[   63903ms] [INFO] %cDownload the React DevTools for a better development experience: https://react.dev/link/react-devtools font-weight:bold @ http://localhost:6006/node_modules/.cache/storybook/10.5.2/53a123b7648f8b7514df557458b4048d90766ba59560424c235c2901b484b74f/sb-vite/deps/client-sCPvVTni.js?v=4127a785:14335
[   64009ms] [LOG] ✅ Tested Polymorphism story @ http://localhost:6006/src/components/primitives/switch/stories/Switch.stories.tsx?t=1791472897625:39
[   65513ms] [INFO] %cDownload the React DevTools for a better development experience: https://react.dev/link/react-devtools font-weight:bold @ http://localhost:6006/node_modules/.cache/storybook/10.5.2/53a123b7648f8b7514df557458b4048d90766ba59560424c235c2901b484b74f/sb-vite/deps/client-sCPvVTni.js?v=4127a785:14335
[   65621ms] [LOG] ✅ Tested Invalid story @ http://localhost:6006/src/components/primitives/switch/stories/Switch.stories.tsx?t=1791472897625:39
[   90276ms] [INFO] %cDownload the React DevTools for a better development experience: https://react.dev/link/react-devtools font-weight:bold @ http://localhost:6006/node_modules/.cache/storybook/10.5.2/53a123b7648f8b7514df557458b4048d90766ba59560424c235c2901b484b74f/sb-vite/deps/client-sCPvVTni.js?v=4127a785:14335
[   90388ms] [LOG] ✅ Tested Invalid story @ http://localhost:6006/src/components/primitives/switch/stories/Switch.stories.tsx?t=1791472897625:39
[   91132ms] [INFO] %cDownload the React DevTools for a better development experience: https://react.dev/link/react-devtools font-weight:bold @ http://localhost:6006/node_modules/.cache/storybook/10.5.2/53a123b7648f8b7514df557458b4048d90766ba59560424c235c2901b484b74f/sb-vite/deps/client-sCPvVTni.js?v=4127a785:14335
[   91243ms] [LOG] ✅ Tested Invalid story @ http://localhost:6006/src/components/primitives/switch/stories/Switch.stories.tsx?t=1791472897625:39
